// Jest Snapshot v1, https://goo.gl/fbAQLP

exports[`pruebas en <HomeScreen /> debe de mostrarse correctamente 1`] = `
<div>
  <h1>
    HomeScreen
  </h1>
  <hr />
  <pre
    className="container"
  >
    {
   "name": "Luis",
   "email": "example@email.com"
}
  </pre>
</div>
`;
